[layerdrops.com/agrikol/index.html]
[backblue.gif]
[fade.gif]
[index.html]
[layerdrops.com/agrikol/assets/images/favicons/apple-touch-icon.png]
[layerdrops.com/agrikol/assets/images/favicons/favicon-32x32.png]
[layerdrops.com/agrikol/assets/images/favicons/favicon-16x16.png]
[layerdrops.com/agrikol/assets/images/favicons/site.webmanifest]
[layerdrops.com/agrikol/assets/css/animate.min.css]
[layerdrops.com/agrikol/assets/css/bootstrap.min.css]
[layerdrops.com/agrikol/assets/css/owl.carousel.min.css]
[layerdrops.com/agrikol/assets/css/owl.theme.default.min.css]
[layerdrops.com/agrikol/assets/css/magnific-popup.css]
[layerdrops.com/agrikol/assets/css/fontawesome-all.min.css]
[layerdrops.com/agrikol/assets/css/swiper.min.css]
[layerdrops.com/agrikol/assets/css/bootstrap-select.min.css]
[layerdrops.com/agrikol/assets/css/jquery.mCustomScrollbar.min.css]
[layerdrops.com/agrikol/assets/css/bootstrap-datepicker.min.css]
[layerdrops.com/agrikol/assets/css/vegas.min.css]
[layerdrops.com/agrikol/assets/css/nouislider.min.css]
[layerdrops.com/agrikol/assets/css/nouislider.pips.css]
[layerdrops.com/agrikol/assets/css/agrikol_iconl.css]
[layerdrops.com/agrikol/assets/css/style.css]
[layerdrops.com/agrikol/assets/images/loader.png]
[layerdrops.com/agrikol/assets/css/responsive.css]
[layerdrops.com/agrikol/assets/images/shapes/header-bg.png]
[layerdrops.com/agrikol/index-2.html]
[layerdrops.com/agrikol/assets/images/resources/logo.png]
[layerdrops.com/agrikol/index2.html]
[layerdrops.com/agrikol/index3.html]
[layerdrops.com/agrikol/index4.html]
[layerdrops.com/agrikol/index5.html]
[layerdrops.com/agrikol/service.html]
[layerdrops.com/agrikol/service-detail.html]
[layerdrops.com/agrikol/projects.html]
[layerdrops.com/agrikol/projects_detail.html]
[layerdrops.com/agrikol/product.html]
[layerdrops.com/agrikol/product-detail.html]
[layerdrops.com/agrikol/cart.html]
[layerdrops.com/agrikol/checkout.html]
[layerdrops.com/agrikol/about.html]
[layerdrops.com/agrikol/why_choose_us.html]
[layerdrops.com/agrikol/farmers.html]
[layerdrops.com/agrikol/gallery.html]
[layerdrops.com/agrikol/news.html]
[layerdrops.com/agrikol/news_detail.html]
[layerdrops.com/agrikol/contact.html]
[layerdrops.com/agrikol/assets/images/main-slider/slide_v1_1.jpg]
[layerdrops.com/agrikol/assets/images/main-slider/slide_v1_2.jpg]
[layerdrops.com/agrikol/assets/images/main-slider/slide_v1_3.jpg]
[layerdrops.com/agrikol/assets/images/about/about-1-img-1.jpg]
[layerdrops.com/agrikol/assets/images/about/about-1-img-2.jpg]
[layerdrops.com/agrikol/assets/images/resources/leaf.png]
[layerdrops.com/agrikol/assets/images/service/service-1-img-1.jpg]
[layerdrops.com/agrikol/assets/images/service/service-1-img-2.jpg]
[layerdrops.com/agrikol/assets/images/service/service-1-img-3.jpg]
[layerdrops.com/agrikol/assets/images/service/service-1-img-4.jpg]
[layerdrops.com/agrikol/assets/images/resources/brand-1-1.png]
[layerdrops.com/agrikol/assets/images/resources/brand-1-2.png]
[layerdrops.com/agrikol/assets/images/resources/brand-1-3.png]
[layerdrops.com/agrikol/assets/images/resources/brand-1-4.png]
[layerdrops.com/agrikol/assets/images/resources/brand-1-5.png]
[layerdrops.com/agrikol/assets/images/resources/featured-leaf.png]
[layerdrops.com/agrikol/assets/images/resources/video-bg-1.jpg]
[layerdrops.com/agrikol/assets/images/testimonials/testimonial-1-img-1.png]
[layerdrops.com/agrikol/assets/images/project/recent-pro-img-1.jpg]
[layerdrops.com/agrikol/assets/images/project/recent-pro-img-2.jpg]
[layerdrops.com/agrikol/assets/images/project/recent-pro-img-3.jpg]
[layerdrops.com/agrikol/assets/images/resources/benifits_bg.png]
[layerdrops.com/agrikol/assets/images/resources/product-1-img-1.jpg]
[layerdrops.com/agrikol/assets/images/blog/blog-1-img-1.jpg]
[layerdrops.com/agrikol/assets/images/blog/blog-1-img-2.jpg]
[layerdrops.com/agrikol/assets/images/blog/blog-1-img-3.jpg]
[layerdrops.com/agrikol/assets/images/resources/cta_one_bg-1.jpg]
[layerdrops.com/agrikol/assets/images/resources/site-footer-farm.png]
[layerdrops.com/agrikol/assets/images/resources/footer-1-img-1.jpg]
[layerdrops.com/agrikol/assets/images/resources/footer-1-img-2.jpg]
[layerdrops.com/agrikol/assets/images/shapes/close-1-1.png]
[layerdrops.com/agrikol/assets/js/bootstrap.bundle.min.js]
[layerdrops.com/agrikol/assets/js/owl.carousel.min.js]
[layerdrops.com/agrikol/assets/js/waypoints.min.js]
[layerdrops.com/agrikol/assets/js/jquery.min.js]
[layerdrops.com/agrikol/assets/js/jquery.counterup.min.js]
[layerdrops.com/agrikol/assets/js/wow.js]
[layerdrops.com/agrikol/assets/js/jquery.ajaxchimp.min.js]
[layerdrops.com/agrikol/assets/js/jquery.magnific-popup.min.js]
[layerdrops.com/agrikol/assets/js/typed-2.0.11.js]
[layerdrops.com/agrikol/assets/js/vegas.min.js]
[layerdrops.com/agrikol/assets/js/jquery.validate.min.js]
[layerdrops.com/agrikol/assets/js/TweenMax.min.js]
[layerdrops.com/agrikol/assets/js/swiper.min.js]
[layerdrops.com/agrikol/assets/js/countdown.min.js]
[layerdrops.com/agrikol/assets/js/bootstrap-select.min.js]
[layerdrops.com/agrikol/assets/js/bootstrap-datepicker.min.js]
[layerdrops.com/agrikol/assets/js/jquery.mCustomScrollbar.concat.min.js]
[layerdrops.com/agrikol/assets/js/appear.js]
[layerdrops.com/agrikol/assets/js/nouislider.min.js]
[layerdrops.com/agrikol/index.html]
[layerdrops.com/agrikol/assets/css/animate.min.css]
[layerdrops.com/agrikol/assets/css/bootstrap.min.css]
[layerdrops.com/agrikol/assets/js/theme.js]
[layerdrops.com/agrikol/assets/js/isotope.js]
[layerdrops.com/agrikol/assets/css/owl.video.play.png]
[layerdrops.com/agrikol/assets/css/owl.carousel.min.css]
[layerdrops.com/agrikol/assets/css/owl.theme.default.min.css]
[layerdrops.com/agrikol/assets/css/magnific-popup.css]
[layerdrops.com/agrikol/assets/fonts/fa-brands-400.eot]
[layerdrops.com/agrikol/assets/fonts/fa-brands-400.woff2]
[layerdrops.com/agrikol/assets/fonts/fa-brands-400.woff]
[layerdrops.com/agrikol/assets/fonts/fa-brands-400d41d.eot]
[layerdrops.com/agrikol/assets/fonts/fa-brands-400.svg]
[layerdrops.com/agrikol/assets/fonts/fa-regular-400.eot]
[layerdrops.com/agrikol/assets/fonts/fa-brands-400.ttf]
[layerdrops.com/agrikol/assets/fonts/fa-regular-400.woff2]
[layerdrops.com/agrikol/assets/fonts/fa-regular-400d41d.eot]
[layerdrops.com/agrikol/assets/css/..bfonts/fa-regular-400.woff]
[layerdrops.com/agrikol/assets/fonts/fa-regular-400.ttf]
[layerdrops.com/agrikol/assets/fonts/fa-regular-400.svg]
[layerdrops.com/agrikol/assets/fonts/fa-solid-900.eot]
[layerdrops.com/agrikol/assets/fonts/fa-solid-900.woff2]
[layerdrops.com/agrikol/assets/fonts/fa-solid-900.woff]
[layerdrops.com/agrikol/assets/fonts/fa-solid-900d41d.eot]
[layerdrops.com/agrikol/assets/css/..bfonts/fa-solid-900.6e.delayed]
[layerdrops.com/agrikol/assets/css/fontawesome-all.min.css]
[layerdrops.com/agrikol/assets/css/swiper.min.css]
[layerdrops.com/agrikol/assets/css/bootstrap-select.min.css]
[layerdrops.com/agrikol/assets/css/mCSB_buttons.png]
[layerdrops.com/agrikol/assets/css/jquery.mCustomScrollbar.min.css]
[layerdrops.com/agrikol/assets/css/bootstrap-datepicker.min.css]
[layerdrops.com/agrikol/assets/css/overlays/02.png]
[layerdrops.com/agrikol/assets/css/vegas.min.css]
[layerdrops.com/agrikol/assets/css/nouislider.min.css]
[layerdrops.com/agrikol/assets/css/nouislider.pips.css]
[layerdrops.com/agrikol/assets/fonts/icomoone8d3.eot]
[layerdrops.com/agrikol/assets/fonts/icomoone8d3.ttf]
[layerdrops.com/agrikol/assets/fonts/icomoone8d3.woff]
[layerdrops.com/agrikol/assets/fonts/fa-solid-900.ttf]
[layerdrops.com/agrikol/assets/fonts/icomoone8d3.svg]
[layerdrops.com/agrikol/assets/css/agrikol_iconl.css]
[layerdrops.com/agrikol/assets/images/icon/line1.png]
[layerdrops.com/agrikol/assets/images/main-slider/slider-3-leafs.png]
[layerdrops.com/agrikol/assets/images/icon/quote_2.png]
[layerdrops.com/agrikol/assets/images/shapes/testi-arrow-3-1.png]
[layerdrops.com/agrikol/assets/images/main-slider/slider-5-leafs.png]
[layerdrops.com/agrikol/assets/css/style.css]
[layerdrops.com/agrikol/assets/css/responsive.css]
[layerdrops.com/agrikol/index-2.html]
[layerdrops.com/agrikol/assets/css/jquery.bxslider.css]
[layerdrops.com/agrikol/assets/images/main-slider/slide_v2_1.jpg]
[layerdrops.com/agrikol/assets/images/main-slider/slide_v2_2.jpg]
[layerdrops.com/agrikol/assets/images/resources/need_img-1.jpg]
[layerdrops.com/agrikol/assets/images/service/service-2-img-1.png]
[layerdrops.com/agrikol/assets/images/service/service-2-img-2.png]
[layerdrops.com/agrikol/assets/images/service/service-2-img-3.png]
[layerdrops.com/agrikol/assets/images/service/service-2-img-4.png]
[layerdrops.com/agrikol/assets/images/resources/product-2-bg.png]
[layerdrops.com/agrikol/assets/images/resources/management-1.jpg]
[layerdrops.com/agrikol/assets/images/resources/management-2.jpg]
[layerdrops.com/agrikol/assets/images/testimonials/bx-testi-1.png]
[layerdrops.com/agrikol/assets/images/icon/quote_1.png]
[layerdrops.com/agrikol/assets/images/testimonials/bx-testi-2.png]
[layerdrops.com/agrikol/assets/images/testimonials/bx-testi-3.png]
[layerdrops.com/agrikol/assets/images/resources/brand-2-1.png]
[layerdrops.com/agrikol/assets/images/resources/brand-2-2.png]
[layerdrops.com/agrikol/assets/images/resources/brand-2-3.png]
[layerdrops.com/agrikol/assets/images/resources/brand-2-4.png]
[layerdrops.com/agrikol/assets/images/resources/brand-2-5.png]
[layerdrops.com/agrikol/assets/images/resources/get_quote_bg.jpg]
[layerdrops.com/agrikol/assets/images/gallery/gallery-1-img-1.jpg]
[layerdrops.com/agrikol/assets/images/gallery/gallery-1-img-2.jpg]
[layerdrops.com/agrikol/assets/images/gallery/gallery-1-img-3.jpg]
[layerdrops.com/agrikol/assets/images/gallery/gallery-1-img-4.jpg]
[layerdrops.com/agrikol/assets/images/gallery/gallery-1-img-5.jpg]
[layerdrops.com/agrikol/assets/js/jquery.bxslider.min.js]
[layerdrops.com/agrikol/index2.html]
[layerdrops.com/agrikol/assets/images/resources/logo-2.png]
[layerdrops.com/agrikol/assets/images/main-slider/slide_v3_1.jpg]
[layerdrops.com/agrikol/assets/images/main-slider/slide_v3_2.jpg]
[layerdrops.com/agrikol/assets/images/resources/welcome_video_bg.jpg]
[layerdrops.com/agrikol/assets/images/service/service-3--img-1.jpg]
[layerdrops.com/agrikol/assets/images/service/service-3--img-2.jpg]
[layerdrops.com/agrikol/assets/images/service/service-3--img-3.jpg]
[layerdrops.com/agrikol/assets/images/service/service-3--img-4.jpg]
[layerdrops.com/agrikol/assets/images/project/project-3-img-1.jpg]
[layerdrops.com/agrikol/assets/images/project/project-3-img-2.jpg]
[layerdrops.com/agrikol/assets/images/project/project-3-img-3.jpg]
[layerdrops.com/agrikol/assets/images/project/project-3-img-4.jpg]
[layerdrops.com/agrikol/assets/images/resources/quote_1-bg.png]
[layerdrops.com/agrikol/assets/images/resources/why_choose1_img-1.jpg]
[layerdrops.com/agrikol/assets/images/team/team_1-img-1.jpg]
[layerdrops.com/agrikol/assets/images/team/team_1-img-2.jpg]
[layerdrops.com/agrikol/assets/images/team/team_1-img-3.jpg]
[layerdrops.com/agrikol/assets/images/team/team_1-img-4.jpg]
[layerdrops.com/agrikol/assets/images/resources/what-makes-bg.jpg]
[layerdrops.com/agrikol/assets/images/blog/blog-2-img-1.jpg]
[layerdrops.com/agrikol/assets/images/blog/blog-2-img-2.jpg]
[layerdrops.com/agrikol/index3.html]
[layerdrops.com/agrikol/assets/images/main-slider/slide_v4_1.jpg]
[layerdrops.com/agrikol/assets/images/main-slider/slide_v4_2.jpg]
[layerdrops.com/agrikol/assets/images/resources/welcome_2_bg.png]
[layerdrops.com/agrikol/assets/images/resources/welcome-2_img-1.jpg]
[layerdrops.com/agrikol/assets/images/resources/welcome-2_img-2.jpg]
[layerdrops.com/agrikol/assets/images/resources/eco-friendly_bg.jpg]
[layerdrops.com/agrikol/assets/images/resources/faq_one_img-1.jpg]
[layerdrops.com/agrikol/assets/images/shapes/testi-qoute-3-1.png]
[layerdrops.com/agrikol/assets/images/testimonials/testimonial-3-img-1.png]
[layerdrops.com/agrikol/assets/images/testimonials/testimonial-3-img-2.png]
[layerdrops.com/agrikol/assets/images/testimonials/testimonial-3-img-3.png]
[layerdrops.com/agrikol/assets/images/resources/achieved_1-img-1.jpg]
[layerdrops.com/agrikol/assets/images/resources/achieved_1-img-2.jpg]
[layerdrops.com/agrikol/assets/images/blog/blog-4-img-1.jpg]
[layerdrops.com/agrikol/assets/images/blog/blog-4-img-2.jpg]
[layerdrops.com/agrikol/index4.html]
[layerdrops.com/agrikol/assets/images/main-slider/round_1.png]
[layerdrops.com/agrikol/assets/images/main-slider/round_2.png]
[layerdrops.com/agrikol/assets/images/main-slider/certified_logo.png]
[layerdrops.com/agrikol/assets/images/main-slider/banner-five-bg.jpg]
[layerdrops.com/agrikol/assets/images/resources/trusted_one_bg.jpg]
[layerdrops.com/agrikol/assets/images/testimonials/bx-testi-bg.png]
[layerdrops.com/agrikol/assets/images/resources/helathy_food_bg.png]
[layerdrops.com/agrikol/index5.html]
[layerdrops.com/agrikol/assets/images/backgrounds/page-header-contact.jpg]
[layerdrops.com/agrikol/service.html]
[layerdrops.com/agrikol/assets/images/service/service-detail_img_1.jpg]
[layerdrops.com/agrikol/assets/images/service/service-detail_img_2.jpg]
[layerdrops.com/agrikol/assets/images/service/service-detail_img_3.jpg]
[layerdrops.com/agrikol/service-detail.html]
[layerdrops.com/agrikol/assets/images/project/recent-pro-img-4.jpg]
[layerdrops.com/agrikol/assets/images/project/recent-pro-img-5.jpg]
[layerdrops.com/agrikol/assets/images/project/recent-pro-img-6.jpg]
[layerdrops.com/agrikol/projects.html]
[layerdrops.com/agrikol/assets/images/project/project-detail-img-1.jpg]
[layerdrops.com/agrikol/projects_detail.html]
[layerdrops.com/agrikol/assets/css/jquery-ui.css]
[layerdrops.com/agrikol/assets/images/shop/top-product-1.jpg]
[layerdrops.com/agrikol/assets/images/shop/top-product-2.jpg]
[layerdrops.com/agrikol/assets/images/shop/shop_product_1.jpg]
[layerdrops.com/agrikol/assets/images/shop/shop_product_2.jpg]
[layerdrops.com/agrikol/assets/images/shop/shop_product_3.jpg]
[layerdrops.com/agrikol/assets/images/shop/shop_product_4.jpg]
[layerdrops.com/agrikol/assets/images/shop/shop_product_5.jpg]
[layerdrops.com/agrikol/assets/images/shop/shop_product_6.jpg]
[layerdrops.com/agrikol/assets/images/shop/shop_product_7.jpg]
[layerdrops.com/agrikol/assets/images/shop/shop_product_8.jpg]
[layerdrops.com/agrikol/assets/images/shop/shop_product_9.jpg]
[layerdrops.com/agrikol/product.html]
[layerdrops.com/agrikol/assets/css/jquery.bootstrap-touchspin.css]
[layerdrops.com/agrikol/assets/images/shop/product-detai_img-1l.jpg]
[layerdrops.com/agrikol/assets/images/shop/review-1.png]
[layerdrops.com/agrikol/assets/images/shop/review-2.png]
[layerdrops.com/agrikol/assets/images/shop/similar_pro_1.jpg]
[layerdrops.com/agrikol/assets/images/shop/similar_pro_2.jpg]
[layerdrops.com/agrikol/assets/images/shop/similar_pro_3.jpg]
[layerdrops.com/agrikol/assets/images/shop/similar_pro_4.jpg]
[layerdrops.com/agrikol/assets/js/jquery.bootstrap-touchspin.js]
[layerdrops.com/agrikol/product-detail.html]
[layerdrops.com/agrikol/assets/images/shop/cart_product_img-1.jpg]
[layerdrops.com/agrikol/assets/images/shop/cart_product_img-2.jpg]
[layerdrops.com/agrikol/cart.html]
[layerdrops.com/agrikol/assets/images/shop/paypal-card.jpg]
[layerdrops.com/agrikol/checkout.html]
[layerdrops.com/agrikol/assets/images/about/about_page_left-img.jpg]
[layerdrops.com/agrikol/assets/images/about/about_page_middle-img.jpg]
[layerdrops.com/agrikol/assets/images/about/about_page_right-img.jpg]
[layerdrops.com/agrikol/about.html]
[layerdrops.com/agrikol/assets/images/resources/company-img-.jpg]
[layerdrops.com/agrikol/assets/images/resources/company-icon-1.png]
[layerdrops.com/agrikol/assets/images/resources/com_solutions_img-1.jpg]
[layerdrops.com/agrikol/assets/js/jquery-ui.js]
[layerdrops.com/agrikol/assets/images/resources/com_solutions_img-2.jpg]
[layerdrops.com/agrikol/assets/images/resources/com_solutions_img-3.jpg]
[layerdrops.com/agrikol/why_choose_us.html]
[layerdrops.com/agrikol/assets/images/team/farmers-1.jpg]
[layerdrops.com/agrikol/assets/images/team/farmers-2.jpg]
[layerdrops.com/agrikol/assets/images/team/farmers-3.jpg]
[layerdrops.com/agrikol/assets/images/team/farmers-4.jpg]
[layerdrops.com/agrikol/assets/images/team/farmers-5.jpg]
[layerdrops.com/agrikol/assets/images/team/farmers-6.jpg]
[layerdrops.com/agrikol/farmers.html]
[layerdrops.com/agrikol/assets/images/gallery/gallery-2-img-1.jpg]
[layerdrops.com/agrikol/assets/images/gallery/gallery-2-img-2.jpg]
[layerdrops.com/agrikol/assets/images/gallery/gallery-2-img-3.jpg]
[layerdrops.com/agrikol/assets/images/gallery/gallery-2-img-4.jpg]
[layerdrops.com/agrikol/assets/images/gallery/gallery-2-img-5.jpg]
[layerdrops.com/agrikol/assets/images/gallery/gallery-2-img-6.jpg]
[layerdrops.com/agrikol/assets/images/gallery/gallery-2-img-7.jpg]
[layerdrops.com/agrikol/gallery.html]
[layerdrops.com/agrikol/assets/images/blog/blog-1-img-4.jpg]
[layerdrops.com/agrikol/assets/images/blog/blog-1-img-5.jpg]
[layerdrops.com/agrikol/assets/images/blog/blog-1-img-6.jpg]
[layerdrops.com/agrikol/news.html]
[layerdrops.com/agrikol/assets/images/blog/news-detail-img-1.jpg]
[layerdrops.com/agrikol/assets/images/blog/author-1-1.jpg]
[layerdrops.com/agrikol/assets/images/blog/comment-1-1.png]
[layerdrops.com/agrikol/assets/images/blog/comment-1-2.png]
[layerdrops.com/agrikol/assets/images/blog/lp-1-1.jpg]
[layerdrops.com/agrikol/assets/images/blog/lp-1-2.jpg]
[layerdrops.com/agrikol/assets/images/blog/lp-1-3.jpg]
[layerdrops.com/agrikol/news_detail.html]
[layerdrops.com/agrikol/assets/images/resources/contact_img.jpg]
[layerdrops.com/agrikol/contact.html]
[layerdrops.com/agrikol/assets/css/owl.video.play.html]
[layerdrops.com/agrikol/assets/fonts/fa-brands-400.svg]
[layerdrops.com/agrikol/assets/css/..bfonts/fa-regular-400.html]
[layerdrops.com/agrikol/assets/fonts/fa-regular-400.svg]
[layerdrops.com/agrikol/assets/css/..bfonts/fa-solid-900.html]
[layerdrops.com/agrikol/assets/css/mCSB_buttons.html]
[layerdrops.com/agrikol/assets/css/overlays/02.html]
[layerdrops.com/agrikol/assets/fonts/icomoone8d3.svg]
[layerdrops.com/agrikol/assets/images/icon/bx_loader.gif]
[layerdrops.com/agrikol/assets/img/bx-slider/controls.png]
[layerdrops.com/agrikol/assets/css/jquery.bxslider.css]
[layerdrops.com/agrikol/assets/css/images/ui-icons_444444_256x240.png]
[layerdrops.com/agrikol/assets/css/images/ui-icons_555555_256x240.png]
[layerdrops.com/agrikol/assets/css/images/ui-icons_777620_256x240.png]
[layerdrops.com/agrikol/assets/css/images/ui-icons_cc0000_256x240.png]
[layerdrops.com/agrikol/assets/css/jquery-ui.css]
[layerdrops.com/agrikol/assets/css/jquery.bootstrap-touchspin.css]
[layerdrops.com/agrikol/assets/images/icon/bx_loader.html]
[layerdrops.com/agrikol/assets/img/bx-slider/controls.html]
[layerdrops.com/agrikol/assets/css/images/ui-icons_444444_256x240.html]
[layerdrops.com/agrikol/assets/css/images/ui-icons_555555_256x240.html]
[layerdrops.com/agrikol/assets/css/images/ui-icons_777620_256x240.html]
[layerdrops.com/agrikol/assets/css/images/ui-icons_cc0000_256x240.html]
